// Jest Snapshot v1, https://goo.gl/fbAQLP

exports[`should render Footer component Snapshot test with default props 1`] = `
<Footer>
  <footer
    className="bar"
  >
    <h5
      className="red-text text-darken-2 grey darken-3 grey-bar"
    >
      netflixroulette
    </h5>
  </footer>
</Footer>
`;
