// Jest Snapshot v1, https://goo.gl/fbAQLP

exports[`should render Item component Snapshot test with default props 1`] = `
<div>
  <Link
    replace={false}
    to="/film/321612"
  >
    <styled.img
      alt="A live-action adaptation of Disney's version"
      src="https://image.tmdb.org/t/p/w500/tWqifoYuwLETmmasnGHO7xBjEtt.jpg"
    />
  </Link>
  <div
    className="details"
  >
    <styled.span>
      BEAUTY AND THE BEAST
    </styled.span>
    <styled.span>
      2017-03-16
    </styled.span>
  </div>
  <styled.span>
    Family & Fantasy & Romance
  </styled.span>
</div>
`;
