// Jest Snapshot v1, https://goo.gl/fbAQLP

exports[`should render MoviesList component Snapshot test with default props 1`] = `
<div
  className="movies-list"
>
  <Item
    key="321612"
    movie={
      Object {
        "genres": Array [
          "Family",
          "Fantasy",
          "Romance",
        ],
        "id": 321612,
        "overview": "A live-action adaptation of Disney's version",
        "poster_path": "https://image.tmdb.org/t/p/w500/tWqifoYuwLETmmasnGHO7xBjEtt.jpg",
        "release_date": "2017-03-16",
        "tagline": "Be our guest.",
        "title": "Beauty and the Beast",
        "vote_average": 6.8,
        "vote_count": 7861,
      }
    }
  />
</div>
`;
