// Jest Snapshot v1, https://goo.gl/fbAQLP

exports[`should render SearchPage component Snapshot test with default props 1`] = `
<SearchPage
  movies={
    Array [
      Object {
        "genres": Array [
          "Family",
          "Fantasy",
          "Romance",
        ],
        "id": 321612,
        "overview": "A live-action adaptation of Disney's version",
        "poster_path": "https://image.tmdb.org/t/p/w500/tWqifoYuwLETmmasnGHO7xBjEtt.jpg",
        "release_date": "2017-03-16",
        "tagline": "Be our guest.",
        "title": "Beauty and the Beast",
        "vote_average": 6.8,
        "vote_count": 7861,
      },
    ]
  }
>
  <div>
    <Header>
      <header
        className="header"
      >
        <Title>
          <div>
            <h5
              className="red-text text-darken-2"
            >
              netflixroulette
            </h5>
          </div>
        </Title>
        <h4
          className="white-text text-darken-2"
        >
          FIND YOUR MOVIE
        </h4>
        <input
          className="input-field white-text"
          onChange={[Function]}
          onKeyDown={[Function]}
          placeholder="Enter the title"
          type="text"
        />
        <div>
          <h6
            className="white-text text-darken-2 left"
          >
            SEARCH BY
          </h6>
          <button
            className="lighten-1 btn buttons red"
            id="title"
            onClick={[Function]}
          >
            TITLE
          </button>
          <button
            className="lighten-1 btn buttons grey"
            id="genre"
            onClick={[Function]}
          >
            GENRE
          </button>
          <button
            className="red lighten-1 btn right"
            id="search"
            onClick={[Function]}
          >
            SEARCH
          </button>
        </div>
      </header>
    </Header>
    <Results
      items={1}
    >
      <div
        className="bar grey lighten-1"
      >
        <h6
          className="white-text text-darken-2 grey lighten-1 filter-bar left"
          id="moviesFound"
        >
          1 movies found
        </h6>
        <h6
          className="white-text text-darken-2 grey lighten-1 filter-bar right"
        >
          rating
        </h6>
        <h6
          className="white-text text-darken-2 grey lighten-1 filter-bar right"
        >
          release date
        </h6>
        <h6
          className="white-text text-darken-2 grey lighten-1 filter-bar right"
        >
          Sort by
        </h6>
      </div>
    </Results>
    <ErrorBoundary>
      <Content
        movies={
          Array [
            Object {
              "genres": Array [
                "Family",
                "Fantasy",
                "Romance",
              ],
              "id": 321612,
              "overview": "A live-action adaptation of Disney's version",
              "poster_path": "https://image.tmdb.org/t/p/w500/tWqifoYuwLETmmasnGHO7xBjEtt.jpg",
              "release_date": "2017-03-16",
              "tagline": "Be our guest.",
              "title": "Beauty and the Beast",
              "vote_average": 6.8,
              "vote_count": 7861,
            },
          ]
        }
      >
        <MoviesList
          movies={
            Array [
              Object {
                "genres": Array [
                  "Family",
                  "Fantasy",
                  "Romance",
                ],
                "id": 321612,
                "overview": "A live-action adaptation of Disney's version",
                "poster_path": "https://image.tmdb.org/t/p/w500/tWqifoYuwLETmmasnGHO7xBjEtt.jpg",
                "release_date": "2017-03-16",
                "tagline": "Be our guest.",
                "title": "Beauty and the Beast",
                "vote_average": 6.8,
                "vote_count": 7861,
              },
            ]
          }
        >
          <div
            className="movies-list"
          >
            <Item
              key="321612"
              movie={
                Object {
                  "genres": Array [
                    "Family",
                    "Fantasy",
                    "Romance",
                  ],
                  "id": 321612,
                  "overview": "A live-action adaptation of Disney's version",
                  "poster_path": "https://image.tmdb.org/t/p/w500/tWqifoYuwLETmmasnGHO7xBjEtt.jpg",
                  "release_date": "2017-03-16",
                  "tagline": "Be our guest.",
                  "title": "Beauty and the Beast",
                  "vote_average": 6.8,
                  "vote_count": 7861,
                }
              }
            >
              <div>
                <img
                  alt="A live-action adaptation of Disney's version"
                  className="thumbnails"
                  src="https://image.tmdb.org/t/p/w500/tWqifoYuwLETmmasnGHO7xBjEtt.jpg"
                />
                <div
                  className="details"
                >
                  <span
                    className="movie-title"
                  >
                    BEAUTY AND THE BEAST
                  </span>
                  <span
                    className="release-date"
                  >
                    2017-03-16
                  </span>
                </div>
                <span
                  className="genre"
                >
                  Family & Fantasy & Romance
                </span>
              </div>
            </Item>
          </div>
        </MoviesList>
      </Content>
    </ErrorBoundary>
    <Footer>
      <footer
        className="bar"
      >
        <h5
          className="red-text text-darken-2 grey darken-3 grey-bar"
        >
          netflixroulette
        </h5>
      </footer>
    </Footer>
  </div>
</SearchPage>
`;
